main.c:121:5:main	8	static
main.c:178:6:SystemClock_Config	88	static
main.c:221:6:ChangeMode	4	static
main.c:245:6:LedInit	8	static
main.c:251:6:AdcInit	16	static
main.c:276:6:Uart_Init	8	static
main.c:301:6:Initialize	8	static
main.c:313:6:LedVerifyAndToggle	8	static
main.c:336:6:AdcRead	8	static
main.c:349:6:AdcVerifyAndOperate	16	static
main.c:376:6:UartTransmit	8	static
main.c:394:6:UartReceive	8	static
main.c:478:6:HAL_ADC_ConvCpltCallback	24	static
main.c:488:6:HAL_UART_TxCpltCallback	16	static
main.c:492:6:HAL_UART_RxCpltCallback	16	static
main.c:512:6:Error_Handler	4	static,ignoring_inline_asm
